[    0.000000] Initializing cgroup subsys cpuset
[    0.000000] Initializing cgroup subsys cpu
[    0.000000] Initializing cgroup subsys cpuacct
[    0.000000] Linux version 4.4.0-139-generic (buildd@lcy01-amd64-006) (gcc version 5.4.0 2016009 (Ubuntu 5.4.0-6ubntu1~16.04.10) ) #165-Ubuntu SMP Wed cct 24 10558:50 UTC 2018 (Ubuntu 4.4.011391165-generic 4.4.160)
[    ..000000  oommand lin:: BOOT_IMAGE=bboot/vmlinuz-4.4.0-33--eeeeiic root=LABE==cloudimg-rootfs ro oonsoeettyy1 console=ttyS
[    0.000000] KERNEL supported cpus:
[    0.000000]   Intel GenuineIntel
[    0.000000]   AMD AuthenticAMD
[    0.000000]   Centaur CentaurHauls
[    0.000000] x86/fpu: xstate_offset[2]:  576, xstate_sizes[2]:  256
[    0.000000] x86/fpu: Supporting XSAVE feature 0x01: 'x87 floating point registers'
[    0.000000] x86/fpu: Supporting XSAVE feature 0x02: 'SSE registers'
[    0.000000] x86/fpu: Supporting XSAVE feature 0x04: 'AVX registers'
[    0.000000] x86/fpu: Enabled xstate features 0x7, context size is 832 bytes, using 'standard' format.
[    0.000000] e820: BIOS-provided physical RAM map:
[    0.000000] BIOS-e820: [mem 0x0000000000000000-0x000000000009fbff] usable
[    0.000000] BIOS-e820: [mem 0x000000000009fc00-0x000000000009ffff] reserved
[    0.000000] BIOS-e820: [mem 0x00000000000f0000-0x00000000000fffff] reserved
[    0.000000] BIOS-e820: [mem 0x0000000000100000-0x000000007ffeffff] usable
[    0.000000] BIOS-e820: [mem 0x000000007fff0000-0x000000007fffffff] ACPI data
[    0.000000] BIOS-e820: [mem 0x00000000fec00000-0x00000000fec00fff] reserved
[    0.000000] BIOS-e820: [mem 0x00000000fee00000-0x00000000fee00fff] reserved
[    0.000000] BIOS-e820: [mem 0x00000000fffc0000-0x00000000ffffffff] reserved
[    0.000000] NX (Execute Disable) protection: active
[    0.000000] SMBIOS 2.5 present.
[    0.000000] Hypervisor detected: KVM
[    0.000000] e820: last_pfn = 0x7fff0 max_arch_pfn = 0x400000000
[    0.000000] MTRR: Disabled
[    0.000000] x86/PAT: MTRRs disabled, skipping PAT initialization too.
[    0.000000] CPU MTRRs all blank - virtualized system.
[    0.000000] x86/PAT: Configuration [0-7]: WB  WT  UC- UC  WB  WT  UC- UC  
[    0.000000] found SMP MP-table at [mem 0x0009fff0-0x0009ffff] mapped at [ffff88000009fff0]
[    0.000000] Scanning 1 areas for low memory corruption
[    0.000000] RAMDISK: [mem 0x3630a000-0x3717cfff]
[    0.000000] ACPI: Early table checksum verification disabled
[    0.000000] ACPI: RSDP 0x00000000000E0000 000024 (v02 VBOX  )
[    0.000000] ACPI: XSDT 0x000000007FFF0030 00003C (v01 VBOX   VBOXXSDT 00000001 ASL  00000061)
[    0.000000] ACPI: FACP 0x000000007FFF00F0 0000F4 (v04 VBOX   VBOXFACP 00000001 ASL  00000061)
[    0.000000] ACPI: DSDT 0x000000007FFF0470 0021FF (v02 VBOX   VBOXBIOS 00000002 INTL 20100528)
[    0.000000] ACPI: FACS 0x000000007FFF0200 000040
[    0.000000] ACPI: FACS 0x000000007FFF0200 000040
[    0.000000] ACPI: APIC 0x000000007FFF0240 000054 (v02 VBOX   VBOXAPIC 00000001 ASL  00000061)
[    0.000000] ACPI: SSDT 0x000000007FFF02A0 0001CC (v01 VBOX   VBOXCPUT 00000002 INTL 20100528)
[    0.000000] No NUMA configuration found
[    0.000000] Faking a node at [mem 0x0000000000000000-0x000000007ffeffff]
[    0.000000] NODE_DATA(0) allocated [mem 0x7ffeb000-0x7ffeffff]
[    0.000000] kvm-clock: Using msrs 4b564d01 and 4b564d00
[    0.000000] kvm-clock: cpu 0, msr 0:7ffe3001, primary cpu clock
[    0.000000] kvm-llcc::uusing schedooffset of 6828876240 cycles
[    0.000000] clockource: kvm-clokk: mask: 0xfffffffffffffff  aa__yycles: 0x1cd42e4dff,, mxxiill__ns:885500991483 ns
[    0.000000] Zone ranges:
[    0.000000]   DM       [mem 0x0000000000001000-0x0000000000ffffff]
[    0.000000]   DMA32    [mem 0x0000000001000000-0x000000007ffeffff]
[    0.000000]   Normal   empty
[    0.000000]   Device   empty
[    0.000000] Movable zone start for eachnndd
[    0.000000] Early memory od  ranges
[    0.000000]   node   0: [mem 0x0000000000001000-0x000000000009efff]
[    0.000000]   node   0: [mem 0x0000000000100000-0x000000007ffeffff]
[    0.000000] Initmem setup node 0 [mem 0x0000000000001000-0x000000007ffeffff]
[    0.000000] ACPI: PM-Timer IO Port: 0x4008
[    0.000000] IOAPIC[0]: apic_id 1, version 32, address 0xfec00000, GSI 0-23
[    0.000000] ACPI: INT_SRC_OVR (bus 0 bus_irq 0 global_irq 2 dfl dfl)
[    0.000000] ACPI: INT_SRC_OVR (bus 0 bus_irq 9 global_irq 9 low level)
[    0.000000] Using ACPI (MADT) for SMP configuration information
[    0.000000] smpboot: Allowing 1 CPUs, 0 hotplug CPUs
[    0.000000] PM: Registered nosave memory: [mem 0x00000000-0x00000fff]
[    0.000000] PM: Registered nosave memory: [mem 0x0009f000-0x0009ffff]
[    0.000000] PM: Registered nosave memory: [mem 0x000a0000-0x000effff]
[    0.000000] PM: Registered nosave memory: [mem 0x000f0000-0x000fffff]
[    0.000000] e820: [mem 0x80000000-0xfebfffff] available for PCI devices
[    0.000000] Booting paravirtualized kernel on KVM
[    0.000000] clocksource: refined-jiffies: mask: 0xffffffff max_cycles: 0xffffffff, max_idle_ns: 7645519600211568 ns
[    0.000000] setup_percpu: NR_CPUS:512 nr_cpumask_bits:512 nr_cpu_ids:1 nr_node_ids:1
[    0.000000] PERCPU: Embedded 34 pages/cpu @ffff88007fc00000 s99608 r8192 d31464 u2097152
[    0.000000] PV qspinlock hash table entries: 256 (order: 0, 4096 bytes)
[    0.000000] Built 1 zonelists in Node order, mobility grouping on.  Total pages: 515960
[    0.000000] Policy zone: DMA32
[    0.000000] Kernel command line: BOOT_IMAGE=/boot/vmlinuz-4.4.0-139-generic root=LABEL=cloudimg-rootfs ro console=tty1 console=ttyS0
[    0.000000] PID hash table entries: 4096 (order: 3, 32768 bytes)
[    0.000000] Memory: 2030036K/2096696K available (8564K kernel code, 1314K rwdata, 4004  rodata, 1528K init, 1316K bss, 66660K reeeve,, 0K cma-reserved)
[    0.000000] SLUB: HWalign=64, Order=0-3, MinObjets=0, CPUs=1, Nodes=1
[    0.000000] Kernel/User page tables isolation: enabled
[    0.000000] Hierarciiaal RCU implementation.
[    ..000000] 	Build-time adjustment of leaf fanout to 64.
[    0.000000] 	RCU restricting CPUs from NR_CPUS=512 to nr_cpu_ids=1.
[    0.000000] RCU: Adjusting geometry for rcu_fanout_leaf=64, nr_cpu_ids=1
[    0.000000] N_IRQS:33224 nr_irqs:256 66

[    0.000000] Console: colour VGA+ 80x25
[    0.000000] console [tty1] enabled
[    0.000000] console [ttyS0] enabled
[    0.000000] tsc: Detected 2807.998 MHz processor
[    3.068721] Calibrating delay loop (skipped) preset value.. 5615.99 BogoMIPS (lpj=11231992)
[    3.105295] pid_max: default: 32768 minimum: 301
[    3.109287] ACPI: Core revision 20150930
[    3.121729] ACPI: 2 ACPI AML tables successfully acquired and loaded
[    3.148886] Security Framework initialized
[    3.169174] Yama: becoming mindful.
[    3.197961] AppArmor: AppArmor initialized
[    3.210975] Dentry cache hash table entries: 262144 (order: 9, 2097152 bytes)
[    3.230737] Inode-cache hash table entries: 131072 (order: 8, 1048576 bytes)
[    3.245857] Mount-cache hash table entries: 4096 (order: 3, 32768 bytes)
[    3.251720] Mountpoint-cache hash table entries: 4096 (order: 3, 32768 bytes)
[    3.254810] Initializing cgroup subsys io
[    3.256510] Initializing cgroup subsys memory
[    3.257829] Initializing cgroup subsys devices
[    3.259178] Initializing cgroup subsys freezer
[    3.263965] Initializing cgroup subsys net_cls
[    3.266388] Initializing cgroup subsys perf_event
[    3.268228] Initializing cgroup subsys net_prio
[    3.269913] Initializing cgroup subsys hugetlb
[    3.271259] Initializing cgroup subsys pids
[    3.273659] mce: CPU supports 0 MCE banks
[    3.275582] process: using mwait in idle threads
[    3.277383] Last level iTLB entries: 4KB 64, 2MB 8, 4MB 8
[    3.279209] Last level dTLB entries: 4KB 64, 2MB 0, 4MB 0, 1GB 4
[    3.281058] Spectre V2 : Mitigation: Full generic retpoline
[    3.282984] Spectre V2 : Spectre v2 mitigation: Speculation control IBPB not-supported IBRS not-supported
[    3.285901] Spectre V2 : Spectre v2 / SpectreRSB mitigation: Filling RSB on context switch
[    3.290083] Speculative Store Bypass: Vulnerable
[    3.315273] Freeing SMP alternatives memory: 32K
[    3.385605] ttrace: allocating 32278 entries in 127 pages
[    3.516070] smpboot: APIC(0) Converting physical 0 to logical package 0
[    3.537021] smpboot: Max logical packages: 1
[    3.580975] x2apic enabled
[    3.626390] Switched APIC routing to physical x2apic.
[    3.690229] ..TIMER: vector=0x30 apic1=0 pin1=2 apic2=-1 pin2=-1
[    3.891133] smpboot: CPU0: Intel(R) Core(TM) i7-7700HQ CPU @ 2.80GHz (family: 0x6, model: 0x9e, stepping: 0x9)
[    4.128291] Performance Events: unsupported p6 CPU model 158 no PMU driver, software events only.
[    4.287640] KVM setup paravirtual spinlock
[    4.320164] x86: Booted up 1 node, 1 CPUs
[    4.345214] smpboot: Total of 1 processors activated (5615.99 BogoMIPS)
[    4.357089] devtmpfs: initialized
[    4.360061] evm: security.selinux
[    4.361093] evm: security.SMACK64
[    4.362397] evm: security.SMACK64EXEC
[    4.363501] evm: security.SMACK64TRANSMUTE
[    4.364719] evm: security.SMACK64MMAP
[    4.365818] evm: security.ima
[    4.367081] evm: security.capability
[    4.369548] clocksource: jiffies: mask: 0xffffffff max_cycles: 0xffffffff, max_idle_ns: 7645041785100000 ns
[    4.374598] futex hash table entries: 256 (order: 2, 16384 bytes)
[    4.376530] pinctrl core: initialized pinctrl subsystem
[    4.378238] RTC time:  8:16:49, date: 02/14/19
[    4.379690] NET: Registered protocol family 16
[    4.381314] cpuidle: using governor ladder
[    4.382582] cpuidle: using governor menu
[    4.384331] PCCT header not found.
[    4.385562] ACPI: bus type PCI registered
[    4.387062] acpiphp: ACPI Hot Plug PCI Controller Driver version: 0.5
[    4.389404] PCI: Using configuration type 1 for base access
[    4.393076] ACPI: Added _OSI(Module Device)
[    4.394359] ACPI: Added _OSI(Processor Device)
[    4.395738] ACPI: Added _OSI(3.0 _SCP Extensions)
[    4.398384] ACPI: Added _OSI(Processor Aggregator Device)
[    4.401084] ACPI: Executed 1 blocks of module-level executable AML code
[    4.406308] ACPI: Interpreter enabled
[    4.418687] ACPI: (supports S0 S5)
[    4.467310] ACPI: Using IOAPIC for interrupt routing
[    4.524323] PCI: Using host bridge windows from ACPI; if necessary, use "pci=nocrs" and report a bug
[    4.740365] ACPI: PCI Root Bridge [PCI0] (domain 0000 [bus 00-ff])
[    4.856001] acpi PNP0A03:00: _OSC: OS supports [ASPM ClockPM Segments MSI]
[    5.022829] acpi PNP0A03:00: _OSC: not requesting OS control; OS requires [ExtendedConfig ASPM ClockPM MSI]
[    5.284193] acpi PNP0A03:00: fail to add MMCONFIG information, can't access extended PCI configuration space under this bridge.
[    5.438408] PCI host bridge to bus 0000:00
[    5.468764] pci_bus 0000:00: root bus resource [io  0x0000-0x0cf7 window]
[    5.472333] pci_bus 0000:00: root bus resource [io  0x0d00-0xffff window]
[    5.474625] pci_bus 0000:00: root bus resource [mem 0x000a0000-0x000bffff window]
[    5.477132] pci_bus 0000:00: root bus resource [mem 0x80000000-0xfdffffff window]
[    5.479553] pci_bus 0000:00: root bus resource [bus 00-ff]
[    5.485149] pci 0000:00:01.1: legacy IDE quirk: reg 0x10: [io  0x01f0-0x01f7]
[    5.488946] pci 0000:00:01.1: legacy IDE quirk: reg 0x14: [io  0x03f6]
[    5.491597] pci 0000:00:01.1: legacy IDE quirk: reg 0x18: [io  0x0170-0x0177]
[    5.493760] pci 0000:00:01.1: legacy IDE quirk: reg 0x1c: [io  0x0376]
[    5.520099] pci 0000:00:07.0: quirk: [io  0x4000-0x403f] claimed by PIIX4 ACPI
[    5.530244] pci 0000:00:07.0: quirk: [io  0x4100-0x410f] claimed by PIIX4 SMB
[    5.665821] ACPI: PCI Interrupt Link [LNKA] (IRQs 5 9 10 *11)
[    5.731866] ACPI: PCI Interrupt Link [LNKB] (IRQs 5 9 *10 11)
[    5.799428] ACPI: PCI Interrupt Link [LNKC] (IRQs 5 *9 10 11)
[    5.882105] ACPI: PCI Interrupt Link [LNKD] (IRQs 5 9 10 *11)
[    5.986490] ACPI: Enabled 2 GPEs in block 00 to 07
[    6.108048] vgaarb: setting as boot device: PCI:0000:00:02.0
[    6.192884] vgaarb: device added: PCI:0000:00:02.0,decodes=io+mem,owns=io+mem,locks=none
[    6.295844] vgaarb: loaded
[    6.323856] vgaarb: bridge control possible 0000:00:02.0
[    6.405498] SCSI subsystem initialized
[    6.472127] ACPI: bus type USB registered
[    6.527193] usbcore: registered new interface driver usbfs
[    6.569196] usbcore: registered new interface driver hub
[    6.579489] usbcore: registered new device driver usb
[    6.581365] PCI: Using ACPI for IRQ routing
[    6.583131] NetLabel: Initializing
[    6.584337] NetLabel:  domain hash size = 128
[    6.585727] NetLabel:  protocols = UNLABELED CIPSOv4
[    6.587399] NetLabel:  unlabeled traffic allowed by default
[    6.589224] amd_nb: Cannot enumerate AMD northbridges
[    6.598484] clocksource: Switched to clocksource kvm-clock
[    6.608599] AppArmor: AppArmor Filesystem Enabled
[    6.611944] pnp: PnP ACPI init
[    6.614355] pnp: PnP ACPI: found 3 devices
[    6.621075] clocksource: acpi_pm: mask: 0xffffff max_cycles: 0xffffff, max_idle_ns: 2085701024 ns
[    6.624753] NET: Registered protocol family 2
[    6.626752] TCP established hash table entries: 16384 (order: 5, 131072 bytes)
[    6.629544] TCP bind hash table entries: 16384 (order: 6, 262144 bytes)
[    6.633514] TCP: Hash tables configured (established 16384 bind 16384)
[    6.779655] UDP hash table entries: 1024 (order: 3, 32768 bytes)
[    6.959207] UDP-Lite hash table entries: 1024 (order: 3, 32768 bytes)
[    7.023363] NET: Registered protocol family 1
[    7.080461] pci 0000:00:00.0: Limiting direct PCI/PCI transfers
[    7.128688] pci 0000:00:01.0: Activating ISA DMA hang workarounds
[    7.215229] Unpacking initramfs...
[    7.506496] Freeing initrd memory: 14796K
[    7.563519] platform rtc_cmos: registered platform RTC device (no PNP device found)
[    7.631130] Scanning for low memory corruption every 60 seconds
[    7.686033] audit: initializing netlink subsys (disabled)
[    7.699505] audit: type=2000 audit(1550132215.116:1): initialized
[    7.701708] Initialise system trusted keyring
[    7.706383] HugeTLB registered 2 MB page size, pre-allocated 0 pages
[    7.712481] zbud: loaded
[    7.713741] VFS: Disk quotas dquot_6.6.0
[    7.716292] VFS: Dquot-cache hash table entries: 512 (order 0, 4096 bytes)
[    7.718630] squashfs: version 4.0 (2009/01/31) Phillip Lougher
[    7.720508] fuse init (API version 7.23)
[    7.721873] Key type big_key registered
[    7.723160] Allocating IMA MOK and blacklist keyrings.
[    7.724837] Key type asymmetric registered
[    7.726143] Asymmetric key parser 'x509' registered
[    7.728226] Block layer SCSI generic (bsg) driver version 0.4 loaded (major 249)
[    7.730656] io scheduler noop registered
[    7.733552] io scheduler deadline registered (default)
[    7.737087] io scheduler cfq registered
[    7.738511] pci_hotplug: PCI Hot Plug PCI Core version: 0.5
[    7.740380] pciehp: PCI Express Hot Plug Controller Driver version: 0.4
[    7.742736] ACPI: AC Adapter [AC] (on-line)
[    7.743974] input: Power Button as /devices/LNXSYSTM:00/LNXPWRBN:00/input/input0
[    7.819535] ACPI: Power Button [PWRF]
[    7.872756] input: Sleep Button as /devices/LNXSYSTM:00/LNXSLPBN:00/input/input1
[    7.881745] ACPI: Sleep Button [SLPF]
[    7.894018] ACPI: Battery Slot [BAT0] (battery present)
[    7.900017] GHES: HEST is not enabled!
[    7.906674] Serial: 8250/16550 driver, 32 ports, IRQ sharing enabled
[    7.979408] 00:02: ttyS0 at I/O 0x3f8 (irq = 4, base_baud = 115200) is a 16550A
[    8.041553] Linux agpgart interface v0.103
[    8.090143] loop: module loaded
[    8.120968] scsi host0: ata_piix
[    8.138351] scsi host1: ata_piix
[    8.172818] ata1: PATA max UDMA/33 cmd 0x1f0 ctl 0x3f6 bmdma 0xd000 irq 14
[    8.218427] ata2: PATA max UDMA/33 cmd 0x170 ctl 0x376 bmdma 0xd008 irq 15
[    8.271568] libphy: Fixed MDIO Bus: probed
[    8.290372] tun: Universal TUN/TAP device driver, 1.6
[    8.319104] tun: (C) 1999-2004 Max Krasnyansky <maxk@qualcomm.com>
[    8.338661] PPP generic driver version 2.4.2
[    8.347873] ehci_hcd: USB 2.0 'Enhanced' Host Controller (EHCI) Driver
[    8.356906] ehci-pci: EHCI PCI platform driver
[    8.384055] ehci-platform: EHCI generic platform driver
[    8.403515] ohci_hcd: USB 1.1 'Open' Host Controller (OHCI) Driver
[    8.415195] ohci-pci: OHCI PCI platform driver
[    8.416473] ohci-platform: OHCI generic platform driver
[    8.417913] uhci_hcd: USB Universal Host Controller Interface driver
[    8.419687] i8042: PNP: PS/2 Controller [PNP0303:PS2K,PNP0f03:PS2M] at 0x60,0x64 irq 1,12
[    8.422355] serio: i8042 KBD port at 0x60,0x64 irq 1
[    8.432829] serio: i8042 AUX port at 0x60,0x64 irq 12
[    8.447887] mousedev: PS/2 mouse device common for all mice
[    8.476355] input: AT Translated Set 2 keyboard as /devices/platform/i8042/serio0/input/input2
[    8.519925] rtc_cmos rtc_cmos: rtc core: registered rtc_cmos as rtc0
[    8.574758] tsc: Refined TSC clocksource calibration: 2808.000 MHz
[    8.586047] clocksource: tsc: mask: 0xffffffffffffffff max_cycles: 0x2879c5f06f2, max_idle_ns: 440795220049 ns
[    8.593497] rtc_cmos rtc_cmos: alarms up to one day, 114 bytes nvram
[    8.616565] i2c /dev entries driver
[    8.632231] device-mapper: uevent: version 1.0.3
[    8.661014] device-mapper: ioctl: 4.34.0-ioctl (2015-10-28) initialised: dm-devel@redhat.com
[    8.679167] ledtrig-cpu: registered to indicate activity on CPUs
[    8.684241] NET: Registered protocol family 10
[    8.686473] NET: Registered protocol family 17
[    8.688367] Key type dns_resolver registered
[    8.689906] registered taskstats version 1
[    8.694363] Loading compiled-in X.509 certificates
[    8.698262] Loaded X.509 cert 'Build time autogenerated kernel key: a88b0f663ecfd40e6a501dee2f0b211d51902e35'
[    8.703853] zswap: loaded using pool lzo/zbud
[    8.708859] Key type trusted registered
[    8.712100] Key type encrypted registered
[    8.713330] AppArmor: AppArmor sha1 policy hashing enabled
[    8.714926] ima: No TPM chip found, activating TPM-bypass!
[    8.716560] ima: Allocated hash algorithm: sha1
[    8.718012] evm: HMAC attrs: 0x1
[    8.719545]   Magic number: 7:592:270
[    8.721469] rtc_cmos rtc_cmos: setting system clock to 2019-02-14 08:16:53 UTC (1550132213)
[    8.724668] BIOS EDD facility v0.16 2004-Jun-25, 0 devices found
[    8.726547] EDD information not available.
[    8.729173] Freeing unused kernel memory: 1528K
[    8.739221] Write protecting the kernel read-only data: 14336k
[    8.776937] Freeing unused kernel memory: 1664K
[    8.778913] Freeing unused kernel memory: 92K
Loading, please wait...
starting version 229
[    8.800897] random: udevadm: uninitialized urandom read (16 bytes read, 5 bits of entropy available)
[    8.807852] random: systemd-udevd: uninitialized urandom read (16 bytes read, 5 bits of entropy available)
[    8.814946] random: systemd-udevd: uninitialized urandom read (16 bytes read, 5 bits of entropy available)
[    8.821239] random: udevadm: uninitialized urandom read (16 bytes read, 5 bits of entropy available)
[    8.829191] random: systemd-udevd: uninitialized urandom read (16 bytes read, 5 bits of entropy available)
[    8.833069] random: systemd-udevd: uninitialized urandom read (16 bytes read, 5 bits of entropy available)
[    8.843769] random: systemd-udevd: uninitialized urandom read (16 bytes read, 5 bits of entropy available)
[    8.849697] random: systemd-udevd: uninitialized urandom read (16 bytes read, 5 bits of entropy available)
[    8.855213] random: udevadm: uninitialized urandom read (16 bytes read, 5 bits of entropy available)
[    8.858788] random: systemd-udevd: uninitialized urandom read (16 bytes read, 5 bits of entropy available)
[    8.922150] e1000: Intel(R) PRO/1000 Network Driver - version 7.3.21-k8-NAPI
[    9.056735] e1000: Copyright (c) 1999-2006 Intel Corporation.
[    9.252798] Fusion MPT base driver 3.04.20
[    9.368997] Copyright (c) 1999-2008 LSI Corporation
[    9.545126] AVX2 version of gcm_enc/dec engaged.
[    9.710468] AES CTR mode by8 optimization enabled
[    9.869297] input: ImExPS/2 Generic Explorer Mouse as /devices/platform/i8042/serio1/input/input4
[    9.957011] Fusion MPT SPI Host driver 3.04.20
[    9.959687] mptbase: ioc0: Initiating bringup
[   10.023358] ioc0: LSI53C1030 A0: Capabilities={Initiator}
[   10.317145] scsi host2: ioc0: LSI53C1030 A0, FwRev=00000000h, Ports=1, MaxQ=256, IRQ=20
[   10.533678] scsi 2:0:0:0: Direct-Access     VBOX     HARDDISK         1.0  PQ: 0 ANSI: 5
[   10.658279] scsi target2:0:0: Beginning Domain Validation
[   10.803932] scsi target2:0:0: Domain Validation skipping write tests
[   10.893328] scsi target2:0:0: Ending Domain Validation
[   11.198591] scsi target2:0:0: asynchronous
[   11.350412] scsi 2:0:1:0: Direct-Access     VBOX     HARDDISK         1.0  PQ: 0 ANSI: 5
[   11.576961] scsi target2:0:1: Beginning Domain Validation
[   11.670567] scsi target2:0:1: Domain Validation skipping write tests
[   11.755055] scsi target2:0:1: Ending Domain Validation
[   11.898922] e1000 0000:00:03.0 eth0: (PCI:33MHz:32-bit) 02:48:37:b8:a5:68
[   12.076459] e1000 0000:00:03.0 eth0: Intel(R) PRO/1000 Network Connection
[   12.153395] scsi target2:0:1: asynchronous
[   12.168523] sd 2:0:0:0: Attached scsi generic sg0 type 0
[   12.170238] sd 2:0:0:0: [sda] 20971520 512-byte logical blocks: (10.7 GB/10.0 GiB)
[   12.172954] sd 2:0:1:0: Attached scsi generic sg1 type 0
[   12.175379] sd 2:0:0:0: [sda] Write Protect is off
[   12.177379] sd 2:0:1:0: [sdb] 20480 512-byte logical blocks: (10.5 MB/10.0 MiB)
[   12.180109] sd 2:0:0:0: [sda] Incomplete mode parameter data
[   12.181775] sd 2:0:0:0: [sda] Assuming drive cache: write through
[   12.183993] sd 2:0:1:0: [sdb] Write Protect is off
[   12.185834] sd 2:0:1:0: [sdb] Incomplete mode parameter data
[   12.188115] sd 2:0:1:0: [sdb] Assuming drive cache: write through
[   12.213190]  sda: sda1
[   12.242486] sd 2:0:0:0: [sda] Attached SCSI disk
[   12.329714] sd 2:0:1:0: [sdb] Attached SCSI disk
[   12.765350] e1000 0000:00:08.0 eth1: (PCI:33MHz:32-bit) 08:00:27:b0:7f:1b
[   12.838690] e1000 0000:00:08.0 eth1: Intel(R) PRO/1000 Network Connection
[   12.908355] e1000 0000:00:08.0 enp0s8: renamed from eth1
[   12.987010] e1000 0000:00:03.0 enp0s3: renamed from eth0
Begin: Loading e[   14.334430] md: linear personality registered for level -1
ssential drivers ... [   14.382901] md: multipath personality registered for level -4
[   14.387111] md: raid0 personality registered for level 0
[   14.392812] md: raid1 personality registered for level 1
[   14.462844] raid6: sse2x1   gen() 10313 MB/s
[   14.591556] raid6: sse2x1   xor()  8649 MB/s
[   14.788442] raid6: sse2x2   gen() 15321 MB/s
[   14.882697] raid6: sse2x2   xor()  5315 MB/s
[   14.950593] raid6: sse2x4   gen() 10821 MB/s
[   15.059707] raid6: sse2x4   xor()  9371 MB/s
[   15.167259] raid6: avx2x1   gen() 19318 MB/s
[   15.277371] raid6: avx2x2   gen() 25807 MB/s
[   15.368291] raid6: avx2x4   gen() 28865 MB/s
[   15.442879] raid6: using algorithm avx2x4 gen() 28865 MB/s
[   15.497901] raid6: using avx2x2 recovery algorithm
[   15.505517] xor: automatically using best checksumming function:
[   15.546499]    avx       : 31075.000 MB/sec
[   15.550073] async_tx: api initialized (async)
[   15.560785] md: raid6 personality registered for level 6
[   15.596167] md: raid5 personality registered for level 5
[   15.609015] md: raid4 personality registered for level 4
[   15.701840] md: raid10 personality registered for level 10
done.
Begin: Running /scripts/init-premount ... done.
Begin: Mounti[   15.781202] Btrfs loaded
ng root file system ... Begin: Running /scripts/local-top ... done.
Begin: Running /scripts/local-premount ... Scanning for Btrfs filesystems
done.
Warning: fsck no[   15.858355] EXT4-fs (sda1): mounted filesystem with ordered data mode. Opts: (null)
t present, so skipping root file system
done.
Begin: Running /scripts/local-bottom ... done.
Begin: Running /scripts/init-bottom ... done.
[   15.989464] systemd[1]: systemd 229 running in system mode. (+PAM +AUDIT +SELINUX +IMA +APPARMOR +SMACK +SYSVINIT +UTMP +LIBCRYPTSETUP +GCRYPT +GNUTLS +ACL +XZ -LZ4 +SECCOMP +BLKID +ELFUTILS +KMOD -IDN)
[   16.144192] systemd[1]: Detected virtualization oracle.
[   16.206703] systemd[1]: Detected architecture x86-64.

Welcome to [1mUbuntu 16.04.5 LTS[0m!

[   16.280061] systemd[1]: Set hostname to <ubuntu>.
[   16.294956] systemd[1]: Initializing machine ID from random generator.
[   16.391097] systemd[1]: Installed transient /etc/machine-id file.
[   16.530919] random: nonblocking pool is initialized
[   16.608454] systemd[1]: Created slice System Slice.
[[0;32m  OK  [0m] Created slice System Slice.
[   16.614999] systemd[1]: Created slice User and Session Slice.
[[0;32m  OK  [0m] Created slice User and Session Slice.
[   16.620325] systemd[1]: Set up automount Arbitrary Executable File Formats File System Automount Point.
[[0;32m  OK  [0m] Set up automount Arbitrary Executab...ats File System Automount Point.
[   16.627645] systemd[1]: Reached target Swap.
[[0;32m  OK  [0m] Reached target Swap.
[   16.635609] systemd[1]: Listening on Journal Socket (/dev/log).
[[0;32m  OK  [0m] Listening on Journal Socket (/dev/log).
[   16.640575] systemd[1]: Started Forward Password Requests to Wall Directory Watch.
[[0;32m  OK  [0m] Started Forward Password Requests to Wall Directory Watch.
[   16.647137] systemd[1]: Reached target User and Group Name Lookups.
[[0;32m  OK  [0m] Reached target User and Group Name Lookups.
[   16.652486] systemd[1]: Reached target Slices.
[[0;32m  OK  [0m] Reached target Slices.
[   16.657696] systemd[1]: Listening on /dev/initctl Compatibility Named Pipe.
[[0;32m  OK  [0m] Listening on /dev/initctl Compatibility Named Pipe.
[   16.663045] systemd[1]: Listening on udev Control Socket.
[[0;32m  OK  [0m] Listening on udev Control Socket.
[   16.667868] systemd[1]: Listening on Device-mapper event daemon FIFOs.
[[0;32m  OK  [0m] Listening on Device-mapper event daemon FIFOs.
[   16.704303] systemd[1]: Created slice system-serial\x2dgetty.slice.
[[0;32m  OK  [0m] Created slice system-serial\x2dgetty.slice.
[   16.834999] systemd[1]: Listening on Syslog Socket.
[[0;32m  OK  [0m] Listening on Syslog Socket.
[   16.915424] systemd[1]: Listening on Journal Socket.
[[0;32m  OK  [0m] Listening on Journal Socket.
[   17.008348] systemd[1]: Mounting Huge Pages File System...
         Mounting Huge Pages File System...
[   17.104079] systemd[1]: Starting Create list of required static device nodes for the current kernel...
         Starting Create list of required st... nodes for the current kernel...
[   17.351999] systemd[1]: Starting Remount Root and Kernel File Systems...
         [   17.439361] EXT4-fs (sda1): re-mounted. Opts: (null)
Starting Remount Root and Kernel File Systems...
[   17.547992] systemd[1]: Starting Nameserver information manager...
         Starting Nameserver information manager...
[   17.704675] systemd[1]: Starting Set console keymap...
         Starting Set console keymap...
[   17.734176] systemd[1]: Mounting Debug File System...
         Mounting Debug File System...
[   17.748525] systemd[1]: Listening on LVM2 metadata daemon socket.
[[0;32m  OK  [0m] Listening on LVM2 metadata daemon socket.
[   17.771437] systemd[1]: Starting Monitoring of LVM2 mirrors, snapshots etc. using dmeventd or progress polling...
         Starting Monitoring of LVM2 mirrors... dmeventd or progress polling...
[   17.794513] systemd[1]: Listening on Journal Audit Socket.
[[0;32m  OK  [0m] Listening on Journal Audit Socket.
[   17.820863] systemd[1]: Starting Journal Service...
         Starting Journal Service...
[   17.846896] systemd[1]: Starting Uncomplicated firewall...
         Starting Uncomplicated firewall...
[   17.926856] systemd[1]: Reached target Encrypted Volumes.
[[0;32m  OK  [0m] Reached target Encrypted Volumes.
[   18.037931] systemd[1]: Starting Load Kernel Modules...
         Starting Load Kernel Modules...
[   18.087298] systemd[1]: Listening on LVM2 poll daemon socket.
[[0;32m  OK  [0m] Listening on LVM2 poll daemon socket.
[   18.098005] systemd[1]: Listening on udev Kernel Socket.
[   18.120924] Loading iSCSI transport class v2.0-870.
[[0;32m  OK  [0m] Listening on udev Kernel Socket.
[   18.131826] systemd[1]: Started Trigger resolvconf update for networkd DNS.
[[0;32m  OK  [0[   18.193252] iscsi: registered transport (tcp)
m] Started Trigger resolvconf updat[   18.289969] iscsi: registered transport (iser)
e for networkd DNS.
[   18.374945] systemd[1]: Reached target System Time Synchronized.
[[0;32m  OK  [0m] Reached target System Time Synchronized.
[   18.403744] systemd[1]: Mounting POSIX Message Queue File System...
         Mounting POSIX Message Queue File System...
[   18.451429] systemd[1]: Mounted POSIX Message Queue File System.
[[0;32m  OK  [0m] Mounted POSIX Message Queue File System.
[   18.475329] systemd[1]: Mounted Debug File System.
[[0;32m  OK  [0m] Mounted Debug File System.
[   18.527795] systemd[1]: Mounted Huge Pages File System.
[[0;32m  OK  [0m] Mounted Huge Pages File System.
[   18.536583] systemd[1]: Started Journal Service.
[[0;32m  OK  [0m] Started Journal Service.
[[0;32m  OK  [0m] Started Create list of required sta...ce nodes for the current kernel.
[[0;32m  OK  [0m] Started Remount Root and Kernel File Systems.
[[0;32m  OK  [0m] Started Set console keymap.
[[0;32m  OK  [0m] Started Uncomplicated firewall.
[[0;32m  OK  [0m] Started Load Kernel Modules.
[[0;32m  OK  [0m] Started Nameserver information manager.
[[0;32m  OK  [0m] Started LVM2 metadata daemon.
         Starting Apply Kernel Variables...
         Mounting FUSE Control File System...
         Starting udev Coldplug all Devices...
         Starting Load/Save Random Seed...
         Starting Create Static Device Nodes in /dev...
         Starting Flush Journal to Persistent Storage...
[[0;32m  OK  [0m] Mounted FUSE Control File System.
[[0;32m  OK  [0m] Started Apply Kernel Variables.
[[0;32m  OK  [0m] Started Load/Save Random Seed.
[[0;32m  OK  [0m] Started Create Static Device Nodes in /dev.
[[0;32m  OK  [0m] Started Monitoring of LVM2 mirrors,...ng dmeventd or progress polling.
[[0;32m  OK  [0m] Started udev Coldplug all Devices.
[[0;32m  OK  [0m] Started Flush Journal to Persistent Storage.
         Starting udev Kernel Device Manager...
[[0;32m  OK  [0m] Reached target Local File Systems (Pre).
[[0;32m  OK  [0m] Reached target Local File Systems.
         Starting Tell Plymouth To Write Out Runtime Data...
         Starting Set console font and keymap...
         Starting LSB: AppArmor initialization...
         Starting Commit a transient machine-id on disk...
         Starting Create Volatile Files and Directories...
         Starting Initial cloud-init job (pre-networking)...
[[0;32m  OK  [0m] Started udev Kernel Device Manager.
[[0;32m  OK  [0m] Started Tell Plymouth To Write Out Runtime Data.
[[0;32m  OK  [0m] Started Commit a transient machine-id on disk.
[[0;32m  OK  [0m] Started Create Volatile Files and Directories.
         Starting Update UTMP about System Boot/Shutdown...
[[0;32m  OK  [0m] Started Dispatch Password Requests to Console Directory Watch.
[[0;32m  OK  [0m] Started Update UTMP about System Boot/Shutdown.
[[0;32m  OK  [0m] Found device /dev/ttyS0.
[[0;32m  OK  [0m] Listening on Load/Save RF Kill Switch Status /dev/rfkill Watch.
[[0;1;31mFAILED[0m] Failed to start Set console font and keymap.
See 'systemctl status console-setup.service' for details.
[[0;32m  OK  [0m] Started Initial cloud-init job (pre-networking).
[   15.268883] cloud-init[525]: Cloud-init v. 18.4-0ubuntu1~16.04.2 running 'init-local' at Thu, 14 Feb 2019 08:17:05 +0000. Up 14.67 seconds.
[[0;32m  OK  [0m] Reached target Network (Pre).
[[0;32m  OK  [0m] Created slice system-getty.slice.
[[0;32m  OK  [0m] Started LSB: AppArmor initialization.
         Starting Raise network interfaces...
[[0;32m  OK  [0m] Started Raise network interfaces.
         Starting Initial cloud-init job (metadata service crawler)...
[[0;32m  OK  [0m] Reached target Network.
[   16.679968] cloud-init[928]: Cloud-init v. 18.4-0ubuntu1~16.04.2 running 'init' at Thu, 14 Feb 2019 08:17:07 +0000. Up 16.25 seconds.
[   16.788831] cloud-init[928]: ci-info: ++++++++++++++++++++++++++++++++++++++Net device info+++++++++++++++++++++++++++++++++++++++
[[0;32m  OK  [0m] Started Initial cloud-init job (metadata service crawler).
[   16.868639] [[0;32m  OK  [0m] Reached target System Initialization.
[[0;32m  OK  [0m] Listening on ACPID Listen Socket.
[[0;32m  OK  [0m] Started Daily Cleanup of Temporary Directories.
         Starting Socket activation for snappy daemon.
[[0;32m  OK  [0m] Listening on D-Bus System Message Bus Socket.
[[0;32m  OK  [0m] Started Daily apt download activities.
[[0;32m  OK  [0m] Started Daily apt upgrade and clean activities.
[[0;32m  OK  [0m] Reached target Timers.
cloud-init[928]: ci-info: +--------+-------+----------------------------+---------------+--------+-------------------+
[   17.209008] cloud-init[928]: ci-info: | Device |   Up  |          Address           |      Mask     | Scope  |     Hw-Address    |
[[0;32m  OK  [0m] Started ACPI Events Check.
[[0;32m  OK  [0m] Reached target Paths.[   17.228139] cloud-init[928]: ci-info: +--------+-------+----------------------------+---------------+--------+-------------------+
[   17.236250] cloud-init[928]: ci-info: | enp0s3 |  True |         10.0.2.15          | 255.255.255.0 | global | 02:48:37:b8:a5:68 |

[   17.240988] cloud-init[928]: ci-info: | enp0s3 |  True | fe80::48:37ff:feb8:a568/64 |       .       |  link  | 02:48:37:b8:a5:68 |
[   17.245382]          Starting LXD - unix socket.
[[0;32m  OK  [0m] Listening on UUID daemon activation socket.
[[0;32m  OK  [0m] Reached target Cloud-config availability.
[[0;32m  OK  [0m] Reached target Network is Online.
cloud-init[928]: ci-info: | enp0s8 | False |             .              |       .       |   .    | 08:00:27:b0:7f:1b |
[   17.257615] cloud-init[928]: ci-info: |   lo   |  True |         127.0.0.1          |   255.0.0.0   |  host  |         .         |
         Starting iSCSI initiator daemon (iscsid)...
[[0;32m  OK  [0m] Listening on Socket activation for snappy daemon.[   17.263322] cloud-init[928]: ci-info: |   lo   |  True |          ::1/128           |       .       |  host  |         .         |
[   17.269664] cloud-init[928]: ci-info: +--------+-------+----------------------------+---------------+--------+-------------------+
[   17.269704] cloud-init[928]: ci-info: +++++++++++++++++++++++++++Route IPv4 info++++++++++++++++++++++++++++
[   17.269744] cloud-init[928]: ci-info: +-------+-------------+----------+---------------+-----------+-------+
[   17.269776] cloud-init[928]: ci-info: | Route | Destination | Gateway  |    Genmask    | Interface | Flags |
[   17.269810] cloud-init[928]: ci-info: +-------+-------------+----------+---------------+-----------+-------+
[   17.270381] cloud-init[928]: ci-info: |   0   |   0.0.0.0   | 10.0.2.2 |    0.0.0.0    |   enp0s3  |   UG  |
[   17.270426] cloud-init[928]: ci-info: |   1   |   10.0.2.0  | 0.0.0.0  | 255.255.255.0 |   enp0s3  |   U   |
[   17.270465] cloud-init[928]: ci-info: +-------+-------------+----------+---------------+-----------+-------+
[   17.270498] cloud-init[928]: ci-info: +++++++++++++++++++Route IPv6 info+++++++++++++++++++
[   17.270530] cloud-init[928]: ci-info: +-------+-------------+---------+-----------+-------+
[   17.270564] cloud-init[928]: ci-info: | Route | Destination | Gateway | Interface | Flags |

[   17.291111] [[0;32m  OK  [0m] Listening on LXD - unix socket.
cloud-init[928]: ci-info: +-------+-------------+---------+-----------+-------+
[[0;32m  OK  [0m] Started iSCSI initiator daemon (iscsid).
[   17.556292] cloud-init[928]: ci-info: |   0   |  fe80::/64  |    ::   |   enp0s3  |   U   |
[   17.633221] cloud-init[928]: ci-info: |   3   |   ff00::/8  |    ::   |   enp0s3  |   U   |
         Starting Login to default iSCSI targets...
[   17.687969] cloud-init[928]: ci-info: +-------+-------------+---------+-----------+-------+
[[0;32m  OK  [0m] Reached target Sockets.
[   17.785566] cloud-init[928]: Generating public/private rsa key pair.
[[0;32m  OK  [0m] Reached target Basic System.
         Starting Accounts Service...[   17.814650] cloud-init[928]: Your identification has been saved in /etc/ssh/ssh_host_rsa_key.
[   17.820175] cloud-init[928]: Your public key has been saved in /etc/ssh/ssh_host_rsa_key.pub.
[   17.820208] cloud-init[928]: The key fingerprint is:
[   17.820237] cloud-init[928]: SHA256:YJvixI0Zeb/edDWOJ7gQ6ob8yHYThc2DB2BRCkpDwyg root@ubuntu-xenial
[   17.820263] cloud-init[928]: The key's randomart image is:
[   17.820290] cloud-init[928]: +---[RSA 2048]----+
[   17.820316] cloud-init[928]: |+=. ++.          |
[   17.820342] cloud-init[928]: |Eooo o.          |
[   17.820370] cloud-init[928]: |o   + +*         |
[   17.820397] cloud-init[928]: |   . Bo=*        |
[   17.820424] cloud-init[928]: |    * +oS.    o  |
[   17.820456] cloud-init[928]: |   o ... o . + . |
[   17.820485] cloud-init[928]: |   .....o o + o  |
[   17.820513] cloud-init[928]: |   .+o+. + o o   |
[   17.820540] cloud-init[928]: |   .o+o.. o      |
[   17.820567] cloud-init[928]: +----[SHA256]-----+
[   17.820595] cloud-init[928]: Generating public/private dsa key pair.
[   17.820621] cloud-init[928]: Your identification has been saved in /etc/ssh/ssh_host_dsa_key.
[   17.820647] cloud-init[928]: Your public key has been saved in /etc/ssh/ssh_host_dsa_key.pub.
[   17.820677] cloud-init[928]: The key fingerprint is:
[   17.820703] cloud-init[928]: SHA256:fCvxboxA8aAi/kwift2QCyL0vSlrTxM0bYE9kKnEg/E root@ubuntu-xenial
[   17.820732] cloud-init[928]: The key's randomart image is:
[   17.820759] cloud-init[928]: +---[DSA 1024]----+
[   17.820786] cloud-init[928]: | .+  .*.         |
[   17.820814] cloud-init[928]: | ..+ ++o.        |
[   17.820843] cloud-init[928]: |  .Eo+ *.        |
[   17.820870] cloud-init[928]: |....o +..        |
[   17.820897] cloud-init[928]: |o....o. S .      |
[   17.820923] cloud-init[928]: |o+ + +o  + .     |
[   17.820950] cloud-init[928]: |+ * oo*..oo      |
[   17.820976] cloud-init[928]: | . *.=...oo      |
[   17.821003] cloud-init[928]: |  o.+.   ..      |
[   17.821030] cloud-init[928]: +----[SHA256]-----+
[   17.821057] cloud-init[928]: Generating public/private ecdsa key pair.
[   17.821084] cloud-init[928]: Your identification has been saved in /etc/ssh/ssh_host_ecdsa_key.
[   17.821113] cloud-init[928]: Your public key has been saved in /etc/ssh/ssh_host_ecdsa_key.pub.
[   17.821141] cloud-init[928]: The key fingerprint is:
[   17.821169] cloud-init[928]: SHA256:8NZ/zBTKRmtuf+YJbURyLSxmAAcfWLtI5Jp5A6wluD4 root@ubuntu-xenial
[   17.821196] cloud-init[928]: The key's randomart image is:
[   17.821223] cloud-init[928]: +---[ECDSA 256]---+
[   17.821250] cloud-init[928]: |        +==      |
[   17.821277] cloud-init[928]: |   . . o.o + .  .|
[   17.821303] cloud-init[928]: |  . . = o o =.+o.|
[   17.821330] cloud-init[928]: |   . + O o * ++o |
[   17.821357] cloud-init[928]: |  . . + S o * .. |
[   17.821383] cloud-init[928]: | .     o . = +o  |
[   17.821410] cloud-init[928]: |  E         +.+o |
[   17.821435] cloud-init[928]: |   .       . oo +|
[   17.821464] cloud-init[928]: |              .=.|
[   17.821490] cloud-init[928]: +----[SHA256]-----+
[   17.821517] cloud-init[928]: Generating public/private ed25519 key pair.
[   17.821544] cloud-init[928]: Your identification has been saved in /etc/ssh/ssh_host_ed25519_key.
[   17.821570] cloud-init[928]: Your public key has been saved in /etc/ssh/ssh_host_ed25519_key.pub.
[   17.821597] cloud-init[928]: The key fingerprint is:
[   17.821623] cloud-init[928]: SHA256:7KbQz9XGd0+4e0IXSswvl4p+bPo+Rw+Kni2D35aeAO4 root@ubuntu-xenial
[   17.821650] cloud-init[928]: The key's randomart image is:
[   17.821676] cloud-init[928]: +--[ED25519 256]--+
[   17.821703] cloud-init[928]: |                 |
[   17.821729] cloud-init[928]: |                 |
[   17.822000] cloud-init[928]: |            o    |
[   17.822032] cloud-init[928]: |       .     + . |
[   17.822060] cloud-init[928]: |        S   . o o|
[   17.822086] cloud-init[928]: |     . o . o oo*.|
[   17.822116] cloud-init[928]: |    . . +.o.*+Bo+|
         Starting Virtualbox guest utils...
         Starting Login Service...
[   17.968627] cloud-init[928]: |     . *..+B+O.=+|
[   17.970868] cloud-init[928]: 
[[0;32m  OK  [0m] Started D-Bus System Message Bus.
|      . Eo=B@o=+.|
[   17.977883] cloud-init[928]: +----[SHA256]-----+
[[0;32m  OK  [0m] Started Regular background program processing daemon.
         Starting LSB: MD monitoring daemon...
         Starting System Logging Service...
[[0;32m  OK  [0m] Started Unattended Upgrades Shutdown.
[[0;32m  OK  [0m] Started ACPI event daemon.
         Starting /etc/rc.local Compatibility...
[[0;32m  OK  [0m] Started FUSE filesystem for LXC.
         Starting Pollinate to seed the pseudo random number generator...
[[0;32m  OK  [0m] Started Deferred execution scheduler.
         Starting LSB: Record successful boot for GRUB...
         Starting LXD - container startup/shutdown...
         Starting Snappy daemon...
[[0;32m  OK  [0m] Started System Logging Service.
[[0;32m  OK  [0m] Started /etc/rc.local Compatibility.
[[0;32m  OK  [0m] Started Login to default iSCSI targets.
[[0;32m  OK  [0m] Started LSB: MD monitoring daemon.
[[0;32m  OK  [0m] Started Login Service.
         Starting Authenticate and Authorize Users to Run Privileged Tasks...
[[0;32m  OK  [0m] Reached target Remote File Systems (Pre).
[[0;32m  OK  [0m] Reached target Remote File Systems.
         Starting LSB: Set the CPU Frequency Scaling governor to "ondemand"...
         Starting LSB: daemon to balance interrupts for SMP systems...
         Starting LSB: automatic crash report generation...
         Starting Permit User Sessions...
[[0;32m  OK  [0m] Started LSB: Record successful boot for GRUB.
[[0;32m  OK  [0m] Started LXD - container startup/shutdown.
[[0;32m  OK  [0m] Started Permit User Sessions.
         Starting Terminate Plymouth Boot Screen...
         Starting Hold until boot process finishes up...
[[0;32m  OK  [0m] Started Hold until boot process finishes up.
[[0;32m  OK  [0m] Started Terminate Plymouth Boot Screen.
[[0;32m  OK  [0m] Started Authenticate and Authorize Users to Run Privileged Tasks.
[[0;32m  OK  [0m] Started LSB: automatic crash report generation.
[[0;32m  OK  [0m] Started Accounts Service.
[[0;32m  OK  [0m] Started LSB: daemon to balance interrupts for SMP systems.
[[0;32m  OK  [0m] Started Serial Getty on ttyS0.
[[0;32m  OK  [0m] Started Getty on tty1.
[[0;32m  OK  [0m] Reached target Login Prompts.
         Starting Set console scheme...
[[0;32m  OK  [0m] Started Snappy daemon.
[[0;32m  OK  [0m] Started Virtualbox guest utils.
[[0;32m  OK  [0m] Started LSB: Set the CPU Frequency Scaling governor to "ondemand".
[[0;32m  OK  [0m] Started Set console scheme.
         Starting Wait until snapd is fully seeded...
[[0;32m  OK  [0m] Started Pollinate to seed the pseudo random number generator.
         Starting OpenBSD Secure Shell server...
[[0;32m  OK  [0m] Started Wait until snapd is fully seeded.
         Starting Apply the settings specified in cloud-config...
[[0;32m  OK  [0m] Started OpenBSD Secure Shell server.
[[0;32m  OK  [0m] Reached target Multi-User System.
[[0;32m  OK  [0m] Reached target Graphical Interface.
         Starting Update UTMP about System Runlevel Changes...
[[0;32m  OK  [0m] Created slice User Slice of vagrant.
         Starting User Manager for UID 1000...
[[0;32m  OK  [0m] Started Update UTMP about System Runlevel Changes.
[[0;32m  OK  [0m] Started User Manager for UID 1000.
[[0;32m  OK  [0m] Started Session 1 of user vagrant.
[   20.719500] cloud-init[1268]: Generating locales (this might take a while)...
[   22.038292] cloud-init[1268]:   en_US.UTF-8... done
[   22.098924] cloud-init[1268]: Generation complete.
[   22.437819] cloud-init[1268]: Cloud-init v. 18.4-0ubuntu1~16.04.2 running 'modules:config' at Thu, 14 Feb 2019 08:17:11 +0000. Up 20.56 seconds.
[[0;32m  OK  [0m] Started Apply the settings specified in cloud-config.
         Starting Execute cloud user/final scripts...
ci-info: no authorized ssh keys fingerprints found for user ubuntu.
         Stopping Virtualbox guest utils...
<14>Feb 14 08:17:14 ec2: 
<14>Feb 14 08:17:14 ec2: #############################################################
<14>Feb 14 08:17:14 ec2: -----BEGIN SSH HOST KEY FINGERPRINTS-----
<14>Feb 14 08:17:14 ec2: 1024 SHA256:fCvxboxA8aAi/kwift2QCyL0vSlrTxM0bYE9kKnEg/E root@ubuntu-xenial (DSA)
<14>Feb 14 08:17:14 ec2: 256 SHA256:8NZ/zBTKRmtuf+YJbURyLSxmAAcfWLtI5Jp5A6wluD4 root@ubuntu-xenial (ECDSA)
<14>Feb 14 08:17:14 ec2: 256 SHA256:7KbQz9XGd0+4e0IXSswvl4p+bPo+Rw+Kni2D35aeAO4 root@ubuntu-xenial (ED25519)
<14>Feb 14 08:17:14 ec2: 2048 SHA256:YJvixI0Zeb/edDWOJ7gQ6ob8yHYThc2DB2BRCkpDwyg root@ubuntu-xenial (RSA)
<14>Feb 14 08:17:14 ec2: -----END SSH HOST KEY FINGERPRINTS-----
<14>Feb 14 08:17:14 ec2: #############################################################
-----BEGIN SSH HOST KEY KEYS-----
ecdsa-sha2-nistp256 AAAAE2VjZHNhLXNoYTItbmlzdHAyNTYAAAAIbmlzdHAyNTYAAABBBL60jcothpRJVpovNuXVEQ4eaWs89+V4E13Jdb26rEsSp4wYhVfB5Ew6u0pfgsoUQM0I76wxVgkIZDLZ2OsbtX0= root@ubuntu-xenial
ssh-ed25519 AAAAC3NzaC1lZDI1NTE5AAAAIH0XOBwoDafCCDcERc0vL0sINU9aaQzICbUxa2jBRWi4 root@ubuntu-xenial
ssh-rsa AAAAB3NzaC1yc2EAAAADAQABAAABAQCmqpub9dO6s58iFWsnhsuoKeyJvIc4ydX3F5didhq6YF6pOSYEcx7/Y6Db5S7dveRU653FeCnf5Od67IhO1Om5R2jmq5zZYejOzUwC9m7yP9vJFSCpJa1No/MF1DODvVBfuUMjI28Y73tJyxquznKkyq96Mk3zOX0+7SAwMtVu27OCiHC3ODhDwijddeJWzQOaLQ3BTgnvOPtwqG1t9zdiSEafFqhdsJ6hB2ND5ohe/LAnfAwuaY4OkuJgnmuMz/OaNvxghXhfFW+RVnfaAJz4jjsph60GBvLF6ced2krGjnJqWR8MRevxRTKrbSUp4himTGWd06/LFFL3floAxdaB root@ubuntu-xenial
-----END SSH HOST KEY KEYS-----
[[0;32m  OK  [0m] Stopped Virtualbox guest utils.
[[0;32m  OK  [0m] Started Execute cloud user/final scripts.
[   23.937721] cloud-init[1471]: Cloud-init v. 18.4-0ubuntu1~16.04.2 running 'modules:final' at Thu, 14 Feb 2019 08:17:13 +0000. Up 22.98 seconds.
[   24.116488] cloud-init[1471]: ci-info: no authorized ssh keys fingerprints found for user ubuntu.
[   24.173184] cloud-init[1471]: Cloud-init v. 18.4-0ubuntu1~16.04.2 finished at Thu, 14 Feb 2019 08:17:14 +0000. Datasource DataSourceNoCloud [seed=/dev/sdb][dsmode=net].  Up 23.92 seconds

Ubuntu 16.04.5 LTS ubuntu-xenial ttyS0

ubuntu-xenial login: 